#-----------------------------------------------------------
# Vivado v2021.1 (64-bit)
# SW Build 3247384 on Thu Jun 10 19:36:33 MDT 2021
# IP Build 3246043 on Fri Jun 11 00:30:35 MDT 2021
# Start of session at: Thu Mar 27 09:38:14 2025
# Process ID: 12460
# Current directory: G:/00_module/07_fpga/develop_20200322/m1/project
# Command line: vivado.exe -gui_launcher_event rodinguilauncherevent24452 G:\00_module\07_fpga\develop_20200322\m1\project\fpga_top.xpr
# Log file: G:/00_module/07_fpga/develop_20200322/m1/project/vivado.log
# Journal file: G:/00_module/07_fpga/develop_20200322/m1/project\vivado.jou
#-----------------------------------------------------------
start_gui
open_project G:/00_module/07_fpga/develop_20200322/m1/project/fpga_top.xpr
WARNING: [filemgmt 56-3] Default IP Output Path : Could not find the directory 'G:/00_module/07_fpga/develop_20200322/m1/project/fpga_top.gen/sources_1'.
CRITICAL WARNING: [Project 1-19] Could not find the file 'G:/00_module/07_fpga/develop_20200322/rtl/03_iic/iic_if.v'.
Scanning sources...
Finished scanning sources
INFO: [IP_Flow 19-234] Refreshing IP repositories
INFO: [IP_Flow 19-1704] No user IP repositories specified
INFO: [IP_Flow 19-2313] Loaded Vivado IP repository 'C:/Xilinx/Vivado/2021.1/data/ip'.
update_compile_order -fileset sources_1
WARNING: [IP_Flow 19-4331] Invalid usage of property - Setting range property on PARAM_VALUE.C_CAL_MODE is not allowed in procedure update_gui_for_PARAM_VALUE.DPY_LINE_RATE
WARNING: [IP_Flow 19-4331] Invalid usage of property - Setting range property on PARAM_VALUE.C_CAL_MODE is not allowed in procedure update_gui_for_PARAM_VALUE.DPY_LINE_RATE
WARNING: [IP_Flow 19-4331] Invalid usage of property - Setting range property on PARAM_VALUE.C_CAL_MODE is not allowed in procedure update_gui_for_PARAM_VALUE.C_HS_LINE_RATE
WARNING: [IP_Flow 19-4331] Invalid usage of property - Setting range property on PARAM_VALUE.DPHY_PRESET is not allowed in procedure update_gui_for_PARAM_VALUE.C_DPHY_MODE
WARNING: [IP_Flow 19-4331] Invalid usage of property - Setting range property on PARAM_VALUE.C_DPHY_LANES is not allowed in procedure update_gui_for_PARAM_VALUE.C_RCVE_DESKEW_SEQ
WARNING: [IP_Flow 19-4331] Invalid usage of property - Setting range property on PARAM_VALUE.C_DPHY_LANES is not allowed in procedure update_gui_for_PARAM_VALUE.C_RCVE_ALT_DESKEW_SEQ
create_ip -name fifo_generator -vendor xilinx.com -library ip -version 13.2 -module_name afifo_i32o32_d2048 -dir G:/00_module/07_fpga/develop_20200322/rtl/00_xilinx_ip/00_afifo
set_property -dict [list CONFIG.Component_Name {afifo_i32o32_d2048} CONFIG.Fifo_Implementation {Independent_Clocks_Block_RAM} CONFIG.Performance_Options {First_Word_Fall_Through} CONFIG.Input_Data_Width {32} CONFIG.Input_Depth {2048} CONFIG.Output_Data_Width {32} CONFIG.Output_Depth {2048} CONFIG.Reset_Type {Asynchronous_Reset} CONFIG.Full_Flags_Reset_Value {1} CONFIG.Data_Count_Width {11} CONFIG.Write_Data_Count {true} CONFIG.Write_Data_Count_Width {11} CONFIG.Read_Data_Count {true} CONFIG.Read_Data_Count_Width {11} CONFIG.Full_Threshold_Assert_Value {2047} CONFIG.Full_Threshold_Negate_Value {2046} CONFIG.Empty_Threshold_Assert_Value {4} CONFIG.Empty_Threshold_Negate_Value {5} CONFIG.Enable_Safety_Circuit {true}] [get_ips afifo_i32o32_d2048]
WARNING: [Vivado 12-3523] Attempt to change 'Component_Name' from 'afifo_i32o32_d2048' to 'afifo_i32o32_d2048' is not allowed and is ignored.
generate_target {instantiation_template} [get_files g:/00_module/07_fpga/develop_20200322/rtl/00_xilinx_ip/00_afifo/afifo_i32o32_d2048/afifo_i32o32_d2048.xci]
INFO: [IP_Flow 19-1686] Generating 'Instantiation Template' target for IP 'afifo_i32o32_d2048'...
generate_target all [get_files  g:/00_module/07_fpga/develop_20200322/rtl/00_xilinx_ip/00_afifo/afifo_i32o32_d2048/afifo_i32o32_d2048.xci]
INFO: [IP_Flow 19-1686] Generating 'Synthesis' target for IP 'afifo_i32o32_d2048'...
INFO: [IP_Flow 19-1686] Generating 'Simulation' target for IP 'afifo_i32o32_d2048'...
INFO: [IP_Flow 19-1686] Generating 'Change Log' target for IP 'afifo_i32o32_d2048'...
catch { config_ip_cache -export [get_ips -all afifo_i32o32_d2048] }
export_ip_user_files -of_objects [get_files g:/00_module/07_fpga/develop_20200322/rtl/00_xilinx_ip/00_afifo/afifo_i32o32_d2048/afifo_i32o32_d2048.xci] -no_script -sync -force -quiet
create_ip_run [get_files -of_objects [get_fileset sources_1] g:/00_module/07_fpga/develop_20200322/rtl/00_xilinx_ip/00_afifo/afifo_i32o32_d2048/afifo_i32o32_d2048.xci]
launch_runs afifo_i32o32_d2048_synth_1 -jobs 8
[Mon Apr  7 15:01:14 2025] Launched afifo_i32o32_d2048_synth_1...
Run output will be captured here: G:/00_module/07_fpga/develop_20200322/m1/project/fpga_top.runs/afifo_i32o32_d2048_synth_1/runme.log
export_simulation -of_objects [get_files g:/00_module/07_fpga/develop_20200322/rtl/00_xilinx_ip/00_afifo/afifo_i32o32_d2048/afifo_i32o32_d2048.xci] -directory G:/00_module/07_fpga/develop_20200322/m1/project/fpga_top.ip_user_files/sim_scripts -ip_user_files_dir G:/00_module/07_fpga/develop_20200322/m1/project/fpga_top.ip_user_files -ipstatic_source_dir G:/00_module/07_fpga/develop_20200322/m1/project/fpga_top.ip_user_files/ipstatic -lib_map_path [list {modelsim=G:/00_module/07_fpga/develop_20200322/m1/project/fpga_top.cache/compile_simlib/modelsim} {questa=G:/00_module/07_fpga/develop_20200322/m1/project/fpga_top.cache/compile_simlib/questa} {riviera=G:/00_module/07_fpga/develop_20200322/m1/project/fpga_top.cache/compile_simlib/riviera} {activehdl=G:/00_module/07_fpga/develop_20200322/m1/project/fpga_top.cache/compile_simlib/activehdl}] -use_ip_compiled_libs -force -quiet
create_ip -name fifo_generator -vendor xilinx.com -library ip -version 13.2 -module_name sfifo_i32o32_d1024 -dir G:/00_module/07_fpga/develop_20200322/rtl/00_xilinx_ip/01_sfifo
set_property -dict [list CONFIG.Component_Name {sfifo_i32o32_d1024} CONFIG.Performance_Options {First_Word_Fall_Through} CONFIG.Input_Data_Width {32} CONFIG.Output_Data_Width {32} CONFIG.Use_Extra_Logic {true} CONFIG.Data_Count {true} CONFIG.Data_Count_Width {11} CONFIG.Write_Data_Count_Width {11} CONFIG.Read_Data_Count_Width {11} CONFIG.Full_Threshold_Assert_Value {1023} CONFIG.Full_Threshold_Negate_Value {1022} CONFIG.Empty_Threshold_Assert_Value {4} CONFIG.Empty_Threshold_Negate_Value {5}] [get_ips sfifo_i32o32_d1024]
WARNING: [Vivado 12-3523] Attempt to change 'Component_Name' from 'sfifo_i32o32_d1024' to 'sfifo_i32o32_d1024' is not allowed and is ignored.
generate_target {instantiation_template} [get_files g:/00_module/07_fpga/develop_20200322/rtl/00_xilinx_ip/01_sfifo/sfifo_i32o32_d1024/sfifo_i32o32_d1024.xci]
INFO: [IP_Flow 19-1686] Generating 'Instantiation Template' target for IP 'sfifo_i32o32_d1024'...
generate_target all [get_files  g:/00_module/07_fpga/develop_20200322/rtl/00_xilinx_ip/01_sfifo/sfifo_i32o32_d1024/sfifo_i32o32_d1024.xci]
INFO: [IP_Flow 19-1686] Generating 'Synthesis' target for IP 'sfifo_i32o32_d1024'...
INFO: [IP_Flow 19-1686] Generating 'Simulation' target for IP 'sfifo_i32o32_d1024'...
INFO: [IP_Flow 19-1686] Generating 'Change Log' target for IP 'sfifo_i32o32_d1024'...
catch { config_ip_cache -export [get_ips -all sfifo_i32o32_d1024] }
export_ip_user_files -of_objects [get_files g:/00_module/07_fpga/develop_20200322/rtl/00_xilinx_ip/01_sfifo/sfifo_i32o32_d1024/sfifo_i32o32_d1024.xci] -no_script -sync -force -quiet
create_ip_run [get_files -of_objects [get_fileset sources_1] g:/00_module/07_fpga/develop_20200322/rtl/00_xilinx_ip/01_sfifo/sfifo_i32o32_d1024/sfifo_i32o32_d1024.xci]
launch_runs sfifo_i32o32_d1024_synth_1 -jobs 8
[Mon Apr  7 15:03:17 2025] Launched sfifo_i32o32_d1024_synth_1...
Run output will be captured here: G:/00_module/07_fpga/develop_20200322/m1/project/fpga_top.runs/sfifo_i32o32_d1024_synth_1/runme.log
export_simulation -of_objects [get_files g:/00_module/07_fpga/develop_20200322/rtl/00_xilinx_ip/01_sfifo/sfifo_i32o32_d1024/sfifo_i32o32_d1024.xci] -directory G:/00_module/07_fpga/develop_20200322/m1/project/fpga_top.ip_user_files/sim_scripts -ip_user_files_dir G:/00_module/07_fpga/develop_20200322/m1/project/fpga_top.ip_user_files -ipstatic_source_dir G:/00_module/07_fpga/develop_20200322/m1/project/fpga_top.ip_user_files/ipstatic -lib_map_path [list {modelsim=G:/00_module/07_fpga/develop_20200322/m1/project/fpga_top.cache/compile_simlib/modelsim} {questa=G:/00_module/07_fpga/develop_20200322/m1/project/fpga_top.cache/compile_simlib/questa} {riviera=G:/00_module/07_fpga/develop_20200322/m1/project/fpga_top.cache/compile_simlib/riviera} {activehdl=G:/00_module/07_fpga/develop_20200322/m1/project/fpga_top.cache/compile_simlib/activehdl}] -use_ip_compiled_libs -force -quiet
export_ip_user_files -of_objects  [get_files G:/00_module/07_fpga/develop_20200322/rtl/03_iic/iic_if.v] -no_script -reset -force -quiet
remove_files  G:/00_module/07_fpga/develop_20200322/rtl/03_iic/iic_if.v
set_property -dict [list CONFIG.Almost_Full_Flag {true} CONFIG.Almost_Empty_Flag {true}] [get_ips afifo_i32o32_d2048]
generate_target all [get_files  g:/00_module/07_fpga/develop_20200322/rtl/00_xilinx_ip/00_afifo/afifo_i32o32_d2048/afifo_i32o32_d2048.xci]
INFO: [IP_Flow 19-1686] Generating 'Instantiation Template' target for IP 'afifo_i32o32_d2048'...
INFO: [IP_Flow 19-1686] Generating 'Synthesis' target for IP 'afifo_i32o32_d2048'...
INFO: [IP_Flow 19-1686] Generating 'Simulation' target for IP 'afifo_i32o32_d2048'...
INFO: [IP_Flow 19-1686] Generating 'Change Log' target for IP 'afifo_i32o32_d2048'...
catch { config_ip_cache -export [get_ips -all afifo_i32o32_d2048] }
export_ip_user_files -of_objects [get_files g:/00_module/07_fpga/develop_20200322/rtl/00_xilinx_ip/00_afifo/afifo_i32o32_d2048/afifo_i32o32_d2048.xci] -no_script -sync -force -quiet
reset_run afifo_i32o32_d2048_synth_1
launch_runs afifo_i32o32_d2048_synth_1 -jobs 8
[Mon Apr  7 16:02:17 2025] Launched afifo_i32o32_d2048_synth_1...
Run output will be captured here: G:/00_module/07_fpga/develop_20200322/m1/project/fpga_top.runs/afifo_i32o32_d2048_synth_1/runme.log
export_simulation -of_objects [get_files g:/00_module/07_fpga/develop_20200322/rtl/00_xilinx_ip/00_afifo/afifo_i32o32_d2048/afifo_i32o32_d2048.xci] -directory G:/00_module/07_fpga/develop_20200322/m1/project/fpga_top.ip_user_files/sim_scripts -ip_user_files_dir G:/00_module/07_fpga/develop_20200322/m1/project/fpga_top.ip_user_files -ipstatic_source_dir G:/00_module/07_fpga/develop_20200322/m1/project/fpga_top.ip_user_files/ipstatic -lib_map_path [list {modelsim=G:/00_module/07_fpga/develop_20200322/m1/project/fpga_top.cache/compile_simlib/modelsim} {questa=G:/00_module/07_fpga/develop_20200322/m1/project/fpga_top.cache/compile_simlib/questa} {riviera=G:/00_module/07_fpga/develop_20200322/m1/project/fpga_top.cache/compile_simlib/riviera} {activehdl=G:/00_module/07_fpga/develop_20200322/m1/project/fpga_top.cache/compile_simlib/activehdl}] -use_ip_compiled_libs -force -quiet
close_project
open_project G:/00_module/07_fpga/develop_20200323/m1/project/fpga_top.xpr
INFO: [Project 1-313] Project file moved from 'G:/00_module/07_fpga/develop_20200322/m1/project' since last save.
WARNING: [filemgmt 56-2] Default IP Output Path : Could not find the directory 'G:/00_module/07_fpga/develop_20200323/m1/project/fpga_top.gen/sources_1', nor could it be found using path 'G:/00_module/07_fpga/develop_20200322/m1/project/fpga_top.gen/sources_1'.
Scanning sources...
Finished scanning sources
INFO: [IP_Flow 19-234] Refreshing IP repositories
INFO: [IP_Flow 19-1704] No user IP repositories specified
INFO: [IP_Flow 19-2313] Loaded Vivado IP repository 'C:/Xilinx/Vivado/2021.1/data/ip'.
update_compile_order -fileset sources_1
create_ip -name srio_gen2 -vendor xilinx.com -library ip -version 4.1 -module_name rapid_x15g -dir G:/00_module/07_fpga/develop_20200323/rtl/00_xilinx_ip/02_rapidio
set_property -dict [list CONFIG.Component_Name {rapid_x15g} CONFIG.mode_selection {Advanced} CONFIG.port_io_style {init_targ} CONFIG.c_support_level {Example_Design}] [get_ips rapid_x15g]
WARNING: [Vivado 12-3523] Attempt to change 'Component_Name' from 'rapid_x15g' to 'rapid_x15g' is not allowed and is ignored.
generate_target {instantiation_template} [get_files g:/00_module/07_fpga/develop_20200323/rtl/00_xilinx_ip/02_rapidio/rapid_x15g/rapid_x15g.xci]
INFO: [IP_Flow 19-1686] Generating 'Instantiation Template' target for IP 'rapid_x15g'...
generate_target all [get_files  g:/00_module/07_fpga/develop_20200323/rtl/00_xilinx_ip/02_rapidio/rapid_x15g/rapid_x15g.xci]
INFO: [IP_Flow 19-1686] Generating 'Synthesis' target for IP 'rapid_x15g'...
WARNING: [IP_Flow 19-650] IP license key 'srio_phylog_io@2017.06' is enabled with a Design_Linking license.
WARNING: [IP_Flow 19-650] IP license key 'srio_phylog_io@2017.06' is enabled with a Design_Linking license.
WARNING: [IP_Flow 19-650] IP license key 'srio_phylog_io@2017.06' is enabled with a Design_Linking license.
WARNING: [IP_Flow 19-650] IP license key 'srio_phylog_io@2017.06' is enabled with a Design_Linking license.
WARNING: [IP_Flow 19-650] IP license key 'srio_phylog_io@2017.06' is enabled with a Design_Linking license.
WARNING: [IP_Flow 19-650] IP license key 'srio_phylog_io@2017.06' is enabled with a Design_Linking license.
INFO: [IP_Flow 19-1686] Generating 'Simulation' target for IP 'rapid_x15g'...
WARNING: [IP_Flow 19-650] IP license key 'srio_phylog_io@2017.06' is enabled with a Design_Linking license.
WARNING: [IP_Flow 19-650] IP license key 'srio_phylog_io@2017.06' is enabled with a Design_Linking license.
WARNING: [IP_Flow 19-650] IP license key 'srio_phylog_io@2017.06' is enabled with a Design_Linking license.
WARNING: [IP_Flow 19-650] IP license key 'srio_phylog_io@2017.06' is enabled with a Design_Linking license.
WARNING: [IP_Flow 19-650] IP license key 'srio_phylog_io@2017.06' is enabled with a Design_Linking license.
WARNING: [IP_Flow 19-650] IP license key 'srio_phylog_io@2017.06' is enabled with a Design_Linking license.
INFO: [IP_Flow 19-1686] Generating 'Implementation' target for IP 'rapid_x15g'...
INFO: [IP_Flow 19-1686] Generating 'Change Log' target for IP 'rapid_x15g'...
generate_target: Time (s): cpu = 00:00:19 ; elapsed = 00:00:11 . Memory (MB): peak = 1540.508 ; gain = 3.840
catch { config_ip_cache -export [get_ips -all rapid_x15g] }
export_ip_user_files -of_objects [get_files g:/00_module/07_fpga/develop_20200323/rtl/00_xilinx_ip/02_rapidio/rapid_x15g/rapid_x15g.xci] -no_script -sync -force -quiet
create_ip_run [get_files -of_objects [get_fileset sources_1] g:/00_module/07_fpga/develop_20200323/rtl/00_xilinx_ip/02_rapidio/rapid_x15g/rapid_x15g.xci]
launch_runs rapid_x15g_synth_1 -jobs 8
[Fri Apr 11 09:41:49 2025] Launched rapid_x15g_synth_1...
Run output will be captured here: G:/00_module/07_fpga/develop_20200323/m1/project/fpga_top.runs/rapid_x15g_synth_1/runme.log
export_simulation -of_objects [get_files g:/00_module/07_fpga/develop_20200323/rtl/00_xilinx_ip/02_rapidio/rapid_x15g/rapid_x15g.xci] -directory G:/00_module/07_fpga/develop_20200323/m1/project/fpga_top.ip_user_files/sim_scripts -ip_user_files_dir G:/00_module/07_fpga/develop_20200323/m1/project/fpga_top.ip_user_files -ipstatic_source_dir G:/00_module/07_fpga/develop_20200323/m1/project/fpga_top.ip_user_files/ipstatic -lib_map_path [list {modelsim=G:/00_module/07_fpga/develop_20200323/m1/project/fpga_top.cache/compile_simlib/modelsim} {questa=G:/00_module/07_fpga/develop_20200323/m1/project/fpga_top.cache/compile_simlib/questa} {riviera=G:/00_module/07_fpga/develop_20200323/m1/project/fpga_top.cache/compile_simlib/riviera} {activehdl=G:/00_module/07_fpga/develop_20200323/m1/project/fpga_top.cache/compile_simlib/activehdl}] -use_ip_compiled_libs -force -quiet
open_example_project -force -dir G:/00_module/07_fpga/develop_20200323/rtl/00_xilinx_ip/02_rapidio [get_ips  rapid_x15g]
INFO: [IP_Flow 19-1686] Generating 'Examples' target for IP 'rapid_x15g'...
open_example_project: Time (s): cpu = 00:00:10 ; elapsed = 00:00:33 . Memory (MB): peak = 1574.703 ; gain = 24.902
export_ip_user_files -of_objects  [get_files g:/00_module/07_fpga/develop_20200323/rtl/00_xilinx_ip/02_rapidio/rapid_x15g/rapid_x15g.xci] -no_script -reset -force -quiet
remove_files  -fileset rapid_x15g g:/00_module/07_fpga/develop_20200323/rtl/00_xilinx_ip/02_rapidio/rapid_x15g/rapid_x15g.xci
WARNING: [Vivado 12-1017] Problems encountered:
1. Failed to delete one or more files in run directory G:/00_module/07_fpga/develop_20200323/m1/project/fpga_top.runs/rapid_x15g_synth_1

INFO: [Project 1-386] Moving file 'g:/00_module/07_fpga/develop_20200323/rtl/00_xilinx_ip/02_rapidio/rapid_x15g/rapid_x15g.xci' from fileset 'rapid_x15g' to fileset 'sources_1'.
create_ip -name srio_gen2 -vendor xilinx.com -library ip -version 4.1 -module_name srio_x15g -dir G:/00_module/07_fpga/develop_20200323/rtl/00_xilinx_ip/02_srio
set_property -dict [list CONFIG.Component_Name {srio_x15g} CONFIG.mode_selection {Advanced} CONFIG.flow_control {transmitter_controlled} CONFIG.c_support_level {Example_Design}] [get_ips srio_x15g]
WARNING: [Vivado 12-3523] Attempt to change 'Component_Name' from 'srio_x15g' to 'srio_x15g' is not allowed and is ignored.
generate_target {instantiation_template} [get_files g:/00_module/07_fpga/develop_20200323/rtl/00_xilinx_ip/02_srio/srio_x15g/srio_x15g.xci]
INFO: [IP_Flow 19-1686] Generating 'Instantiation Template' target for IP 'srio_x15g'...
generate_target all [get_files  g:/00_module/07_fpga/develop_20200323/rtl/00_xilinx_ip/02_srio/srio_x15g/srio_x15g.xci]
INFO: [IP_Flow 19-1686] Generating 'Synthesis' target for IP 'srio_x15g'...
WARNING: [IP_Flow 19-650] IP license key 'srio_phylog_io@2017.06' is enabled with a Design_Linking license.
WARNING: [IP_Flow 19-650] IP license key 'srio_phylog_io@2017.06' is enabled with a Design_Linking license.
WARNING: [IP_Flow 19-650] IP license key 'srio_phylog_io@2017.06' is enabled with a Design_Linking license.
WARNING: [IP_Flow 19-650] IP license key 'srio_phylog_io@2017.06' is enabled with a Design_Linking license.
WARNING: [IP_Flow 19-650] IP license key 'srio_phylog_io@2017.06' is enabled with a Design_Linking license.
WARNING: [IP_Flow 19-650] IP license key 'srio_phylog_io@2017.06' is enabled with a Design_Linking license.
INFO: [IP_Flow 19-1686] Generating 'Simulation' target for IP 'srio_x15g'...
WARNING: [IP_Flow 19-650] IP license key 'srio_phylog_io@2017.06' is enabled with a Design_Linking license.
WARNING: [IP_Flow 19-650] IP license key 'srio_phylog_io@2017.06' is enabled with a Design_Linking license.
WARNING: [IP_Flow 19-650] IP license key 'srio_phylog_io@2017.06' is enabled with a Design_Linking license.
WARNING: [IP_Flow 19-650] IP license key 'srio_phylog_io@2017.06' is enabled with a Design_Linking license.
WARNING: [IP_Flow 19-650] IP license key 'srio_phylog_io@2017.06' is enabled with a Design_Linking license.
WARNING: [IP_Flow 19-650] IP license key 'srio_phylog_io@2017.06' is enabled with a Design_Linking license.
INFO: [IP_Flow 19-1686] Generating 'Implementation' target for IP 'srio_x15g'...
INFO: [IP_Flow 19-1686] Generating 'Change Log' target for IP 'srio_x15g'...
generate_target: Time (s): cpu = 00:00:17 ; elapsed = 00:00:10 . Memory (MB): peak = 1593.164 ; gain = 0.000
catch { config_ip_cache -export [get_ips -all srio_x15g] }
export_ip_user_files -of_objects [get_files g:/00_module/07_fpga/develop_20200323/rtl/00_xilinx_ip/02_srio/srio_x15g/srio_x15g.xci] -no_script -sync -force -quiet
create_ip_run [get_files -of_objects [get_fileset sources_1] g:/00_module/07_fpga/develop_20200323/rtl/00_xilinx_ip/02_srio/srio_x15g/srio_x15g.xci]
launch_runs srio_x15g_synth_1 -jobs 8
[Mon Apr 14 11:09:47 2025] Launched srio_x15g_synth_1...
Run output will be captured here: G:/00_module/07_fpga/develop_20200323/m1/project/fpga_top.runs/srio_x15g_synth_1/runme.log
export_simulation -of_objects [get_files g:/00_module/07_fpga/develop_20200323/rtl/00_xilinx_ip/02_srio/srio_x15g/srio_x15g.xci] -directory G:/00_module/07_fpga/develop_20200323/m1/project/fpga_top.ip_user_files/sim_scripts -ip_user_files_dir G:/00_module/07_fpga/develop_20200323/m1/project/fpga_top.ip_user_files -ipstatic_source_dir G:/00_module/07_fpga/develop_20200323/m1/project/fpga_top.ip_user_files/ipstatic -lib_map_path [list {modelsim=G:/00_module/07_fpga/develop_20200323/m1/project/fpga_top.cache/compile_simlib/modelsim} {questa=G:/00_module/07_fpga/develop_20200323/m1/project/fpga_top.cache/compile_simlib/questa} {riviera=G:/00_module/07_fpga/develop_20200323/m1/project/fpga_top.cache/compile_simlib/riviera} {activehdl=G:/00_module/07_fpga/develop_20200323/m1/project/fpga_top.cache/compile_simlib/activehdl}] -use_ip_compiled_libs -force -quiet
export_ip_user_files -of_objects  [get_files g:/00_module/07_fpga/develop_20200323/rtl/00_xilinx_ip/02_srio/srio_x15g/srio_x15g.xci] -no_script -reset -force -quiet
remove_files  -fileset srio_x15g g:/00_module/07_fpga/develop_20200323/rtl/00_xilinx_ip/02_srio/srio_x15g/srio_x15g.xci
INFO: [Project 1-386] Moving file 'g:/00_module/07_fpga/develop_20200323/rtl/00_xilinx_ip/02_srio/srio_x15g/srio_x15g.xci' from fileset 'srio_x15g' to fileset 'sources_1'.
create_ip -name srio_gen2 -vendor xilinx.com -library ip -version 4.1 -module_name srio_5gx1 -dir G:/00_module/07_fpga/develop_20200323/rtl/00_xilinx_ip/02_srio
set_property -dict [list CONFIG.Component_Name {srio_5gx1} CONFIG.mode_selection {Advanced} CONFIG.c_support_level {Example_Design}] [get_ips srio_5gx1]
WARNING: [Vivado 12-3523] Attempt to change 'Component_Name' from 'srio_5gx1' to 'srio_5gx1' is not allowed and is ignored.
generate_target {instantiation_template} [get_files g:/00_module/07_fpga/develop_20200323/rtl/00_xilinx_ip/02_srio/srio_5gx1/srio_5gx1.xci]
INFO: [IP_Flow 19-1686] Generating 'Instantiation Template' target for IP 'srio_5gx1'...
generate_target all [get_files  g:/00_module/07_fpga/develop_20200323/rtl/00_xilinx_ip/02_srio/srio_5gx1/srio_5gx1.xci]
INFO: [IP_Flow 19-1686] Generating 'Synthesis' target for IP 'srio_5gx1'...
WARNING: [IP_Flow 19-650] IP license key 'srio_phylog_io@2017.06' is enabled with a Design_Linking license.
WARNING: [IP_Flow 19-650] IP license key 'srio_phylog_io@2017.06' is enabled with a Design_Linking license.
WARNING: [IP_Flow 19-650] IP license key 'srio_phylog_io@2017.06' is enabled with a Design_Linking license.
WARNING: [IP_Flow 19-650] IP license key 'srio_phylog_io@2017.06' is enabled with a Design_Linking license.
WARNING: [IP_Flow 19-650] IP license key 'srio_phylog_io@2017.06' is enabled with a Design_Linking license.
WARNING: [IP_Flow 19-650] IP license key 'srio_phylog_io@2017.06' is enabled with a Design_Linking license.
INFO: [IP_Flow 19-1686] Generating 'Simulation' target for IP 'srio_5gx1'...
WARNING: [IP_Flow 19-650] IP license key 'srio_phylog_io@2017.06' is enabled with a Design_Linking license.
WARNING: [IP_Flow 19-650] IP license key 'srio_phylog_io@2017.06' is enabled with a Design_Linking license.
WARNING: [IP_Flow 19-650] IP license key 'srio_phylog_io@2017.06' is enabled with a Design_Linking license.
WARNING: [IP_Flow 19-650] IP license key 'srio_phylog_io@2017.06' is enabled with a Design_Linking license.
WARNING: [IP_Flow 19-650] IP license key 'srio_phylog_io@2017.06' is enabled with a Design_Linking license.
WARNING: [IP_Flow 19-650] IP license key 'srio_phylog_io@2017.06' is enabled with a Design_Linking license.
INFO: [IP_Flow 19-1686] Generating 'Implementation' target for IP 'srio_5gx1'...
INFO: [IP_Flow 19-1686] Generating 'Change Log' target for IP 'srio_5gx1'...
generate_target: Time (s): cpu = 00:00:17 ; elapsed = 00:00:10 . Memory (MB): peak = 1606.418 ; gain = 0.000
catch { config_ip_cache -export [get_ips -all srio_5gx1] }
export_ip_user_files -of_objects [get_files g:/00_module/07_fpga/develop_20200323/rtl/00_xilinx_ip/02_srio/srio_5gx1/srio_5gx1.xci] -no_script -sync -force -quiet
create_ip_run [get_files -of_objects [get_fileset sources_1] g:/00_module/07_fpga/develop_20200323/rtl/00_xilinx_ip/02_srio/srio_5gx1/srio_5gx1.xci]
launch_runs srio_5gx1_synth_1 -jobs 8
[Mon Apr 14 11:13:38 2025] Launched srio_5gx1_synth_1...
Run output will be captured here: G:/00_module/07_fpga/develop_20200323/m1/project/fpga_top.runs/srio_5gx1_synth_1/runme.log
export_simulation -of_objects [get_files g:/00_module/07_fpga/develop_20200323/rtl/00_xilinx_ip/02_srio/srio_5gx1/srio_5gx1.xci] -directory G:/00_module/07_fpga/develop_20200323/m1/project/fpga_top.ip_user_files/sim_scripts -ip_user_files_dir G:/00_module/07_fpga/develop_20200323/m1/project/fpga_top.ip_user_files -ipstatic_source_dir G:/00_module/07_fpga/develop_20200323/m1/project/fpga_top.ip_user_files/ipstatic -lib_map_path [list {modelsim=G:/00_module/07_fpga/develop_20200323/m1/project/fpga_top.cache/compile_simlib/modelsim} {questa=G:/00_module/07_fpga/develop_20200323/m1/project/fpga_top.cache/compile_simlib/questa} {riviera=G:/00_module/07_fpga/develop_20200323/m1/project/fpga_top.cache/compile_simlib/riviera} {activehdl=G:/00_module/07_fpga/develop_20200323/m1/project/fpga_top.cache/compile_simlib/activehdl}] -use_ip_compiled_libs -force -quiet
open_example_project -force -dir G:/00_module/07_fpga/develop_20200323/rtl/00_xilinx_ip/02_srio [get_ips  srio_5gx1]
INFO: [IP_Flow 19-1686] Generating 'Examples' target for IP 'srio_5gx1'...
open_example_project: Time (s): cpu = 00:00:02 ; elapsed = 00:00:32 . Memory (MB): peak = 1627.031 ; gain = 0.359
WARNING: [Board 49-26] cannot add Board Part xilinx.com:vck190_es:part0:1.1 available at C:/Xilinx/Vivado/2021.1/data/xhub/boards/XilinxBoardStore/boards/Xilinx/vck190/es/1.1/board.xml as part xcvc1902-vsva2197-2mp-e-s-es1 specified in board_part file is either invalid or not available
WARNING: [Board 49-26] cannot add Board Part xilinx.com:vck190_es:part0:1.2 available at C:/Xilinx/Vivado/2021.1/data/xhub/boards/XilinxBoardStore/boards/Xilinx/vck190/es/1.2/board.xml as part xcvc1902-vsva2197-2mp-e-s-es1 specified in board_part file is either invalid or not available
WARNING: [Board 49-26] cannot add Board Part xilinx.com:vck190_es:part0:1.3 available at C:/Xilinx/Vivado/2021.1/data/xhub/boards/XilinxBoardStore/boards/Xilinx/vck190/es/1.3/board.xml as part xcvc1902-vsva2197-2mp-e-s-es1 specified in board_part file is either invalid or not available
WARNING: [Board 49-26] cannot add Board Part xilinx.com:vmk180_es:part0:1.1 available at C:/Xilinx/Vivado/2021.1/data/xhub/boards/XilinxBoardStore/boards/Xilinx/vmk180/es/1.1/board.xml as part xcvm1802-vsva2197-2mp-e-s-es1 specified in board_part file is either invalid or not available
WARNING: [Board 49-26] cannot add Board Part xilinx.com:vmk180_es:part0:1.2 available at C:/Xilinx/Vivado/2021.1/data/xhub/boards/XilinxBoardStore/boards/Xilinx/vmk180/es/1.2/board.xml as part xcvm1802-vsva2197-2mp-e-s-es1 specified in board_part file is either invalid or not available
WARNING: [Board 49-26] cannot add Board Part xilinx.com:vmk180_es:part0:1.3 available at C:/Xilinx/Vivado/2021.1/data/xhub/boards/XilinxBoardStore/boards/Xilinx/vmk180/es/1.3/board.xml as part xcvm1802-vsva2197-2mp-e-s-es1 specified in board_part file is either invalid or not available
WARNING: [Board 49-26] cannot add Board Part xilinx.com:zcu208_es:part0:1.0 available at C:/Xilinx/Vivado/2021.1/data/xhub/boards/XilinxBoardStore/boards/Xilinx/zcu208/es/1.0/board.xml as part xczu48dr-fsvg1517-2-e-es1 specified in board_part file is either invalid or not available
WARNING: [Board 49-26] cannot add Board Part xilinx.com:zcu208_es:part0:1.1 available at C:/Xilinx/Vivado/2021.1/data/xhub/boards/XilinxBoardStore/boards/Xilinx/zcu208/es/1.1/board.xml as part xczu48dr-fsvg1517-2-e-es1 specified in board_part file is either invalid or not available
WARNING: [Board 49-26] cannot add Board Part xilinx.com:zcu208_es:part0:1.2 available at C:/Xilinx/Vivado/2021.1/data/xhub/boards/XilinxBoardStore/boards/Xilinx/zcu208/es/1.2/board.xml as part xczu48dr-fsvg1517-2-e-es1 specified in board_part file is either invalid or not available
WARNING: [Board 49-26] cannot add Board Part xilinx.com:zcu208ld_es:part0:1.0 available at C:/Xilinx/Vivado/2021.1/data/xhub/boards/XilinxBoardStore/boards/Xilinx/zcu208ld/es/1.0/board.xml as part xczu58dr-fsvg1517-2-i-es1 specified in board_part file is either invalid or not available
WARNING: [Board 49-26] cannot add Board Part xilinx.com:zcu216_es:part0:1.0 available at C:/Xilinx/Vivado/2021.1/data/xhub/boards/XilinxBoardStore/boards/Xilinx/zcu216/es/1.0/board.xml as part xczu49dr-ffvf1760-2-e-es1 specified in board_part file is either invalid or not available
WARNING: [Board 49-26] cannot add Board Part xilinx.com:zcu216_es:part0:1.1 available at C:/Xilinx/Vivado/2021.1/data/xhub/boards/XilinxBoardStore/boards/Xilinx/zcu216/es/1.1/board.xml as part xczu49dr-ffvf1760-2-e-es1 specified in board_part file is either invalid or not available
WARNING: [Board 49-26] cannot add Board Part xilinx.com:zcu216_es:part0:1.2 available at C:/Xilinx/Vivado/2021.1/data/xhub/boards/XilinxBoardStore/boards/Xilinx/zcu216/es/1.2/board.xml as part xczu49dr-ffvf1760-2-e-es1 specified in board_part file is either invalid or not available
WARNING: [Board 49-26] cannot add Board Part xilinx.com:zcu216ld_es:part0:1.0 available at C:/Xilinx/Vivado/2021.1/data/xhub/boards/XilinxBoardStore/boards/Xilinx/zcu216ld/es/1.0/board.xml as part xczu59dr-ffvf1760-2-i-es1 specified in board_part file is either invalid or not available
WARNING: [Board 49-26] cannot add Board Part xilinx.com:vck190_es:part0:1.1 available at C:/Xilinx/Vivado/2021.1/data/xhub/boards/XilinxBoardStore/boards/Xilinx/vck190/es/1.1/board.xml as part xcvc1902-vsva2197-2mp-e-s-es1 specified in board_part file is either invalid or not available
WARNING: [Board 49-26] cannot add Board Part xilinx.com:vck190_es:part0:1.2 available at C:/Xilinx/Vivado/2021.1/data/xhub/boards/XilinxBoardStore/boards/Xilinx/vck190/es/1.2/board.xml as part xcvc1902-vsva2197-2mp-e-s-es1 specified in board_part file is either invalid or not available
WARNING: [Board 49-26] cannot add Board Part xilinx.com:vck190_es:part0:1.3 available at C:/Xilinx/Vivado/2021.1/data/xhub/boards/XilinxBoardStore/boards/Xilinx/vck190/es/1.3/board.xml as part xcvc1902-vsva2197-2mp-e-s-es1 specified in board_part file is either invalid or not available
WARNING: [Board 49-26] cannot add Board Part xilinx.com:vmk180_es:part0:1.1 available at C:/Xilinx/Vivado/2021.1/data/xhub/boards/XilinxBoardStore/boards/Xilinx/vmk180/es/1.1/board.xml as part xcvm1802-vsva2197-2mp-e-s-es1 specified in board_part file is either invalid or not available
WARNING: [Board 49-26] cannot add Board Part xilinx.com:vmk180_es:part0:1.2 available at C:/Xilinx/Vivado/2021.1/data/xhub/boards/XilinxBoardStore/boards/Xilinx/vmk180/es/1.2/board.xml as part xcvm1802-vsva2197-2mp-e-s-es1 specified in board_part file is either invalid or not available
WARNING: [Board 49-26] cannot add Board Part xilinx.com:vmk180_es:part0:1.3 available at C:/Xilinx/Vivado/2021.1/data/xhub/boards/XilinxBoardStore/boards/Xilinx/vmk180/es/1.3/board.xml as part xcvm1802-vsva2197-2mp-e-s-es1 specified in board_part file is either invalid or not available
WARNING: [Board 49-26] cannot add Board Part xilinx.com:zcu208_es:part0:1.0 available at C:/Xilinx/Vivado/2021.1/data/xhub/boards/XilinxBoardStore/boards/Xilinx/zcu208/es/1.0/board.xml as part xczu48dr-fsvg1517-2-e-es1 specified in board_part file is either invalid or not available
WARNING: [Board 49-26] cannot add Board Part xilinx.com:zcu208_es:part0:1.1 available at C:/Xilinx/Vivado/2021.1/data/xhub/boards/XilinxBoardStore/boards/Xilinx/zcu208/es/1.1/board.xml as part xczu48dr-fsvg1517-2-e-es1 specified in board_part file is either invalid or not available
WARNING: [Board 49-26] cannot add Board Part xilinx.com:zcu208_es:part0:1.2 available at C:/Xilinx/Vivado/2021.1/data/xhub/boards/XilinxBoardStore/boards/Xilinx/zcu208/es/1.2/board.xml as part xczu48dr-fsvg1517-2-e-es1 specified in board_part file is either invalid or not available
WARNING: [Board 49-26] cannot add Board Part xilinx.com:zcu208ld_es:part0:1.0 available at C:/Xilinx/Vivado/2021.1/data/xhub/boards/XilinxBoardStore/boards/Xilinx/zcu208ld/es/1.0/board.xml as part xczu58dr-fsvg1517-2-i-es1 specified in board_part file is either invalid or not available
WARNING: [Board 49-26] cannot add Board Part xilinx.com:zcu216_es:part0:1.0 available at C:/Xilinx/Vivado/2021.1/data/xhub/boards/XilinxBoardStore/boards/Xilinx/zcu216/es/1.0/board.xml as part xczu49dr-ffvf1760-2-e-es1 specified in board_part file is either invalid or not available
WARNING: [Board 49-26] cannot add Board Part xilinx.com:zcu216_es:part0:1.1 available at C:/Xilinx/Vivado/2021.1/data/xhub/boards/XilinxBoardStore/boards/Xilinx/zcu216/es/1.1/board.xml as part xczu49dr-ffvf1760-2-e-es1 specified in board_part file is either invalid or not available
WARNING: [Board 49-26] cannot add Board Part xilinx.com:zcu216_es:part0:1.2 available at C:/Xilinx/Vivado/2021.1/data/xhub/boards/XilinxBoardStore/boards/Xilinx/zcu216/es/1.2/board.xml as part xczu49dr-ffvf1760-2-e-es1 specified in board_part file is either invalid or not available
WARNING: [Board 49-26] cannot add Board Part xilinx.com:zcu216ld_es:part0:1.0 available at C:/Xilinx/Vivado/2021.1/data/xhub/boards/XilinxBoardStore/boards/Xilinx/zcu216ld/es/1.0/board.xml as part xczu59dr-ffvf1760-2-i-es1 specified in board_part file is either invalid or not available
WARNING: [Board 49-26] cannot add Board Part xilinx.com:vck190_es:part0:1.1 available at C:/Xilinx/Vivado/2021.1/data/xhub/boards/XilinxBoardStore/boards/Xilinx/vck190/es/1.1/board.xml as part xcvc1902-vsva2197-2mp-e-s-es1 specified in board_part file is either invalid or not available
WARNING: [Board 49-26] cannot add Board Part xilinx.com:vck190_es:part0:1.2 available at C:/Xilinx/Vivado/2021.1/data/xhub/boards/XilinxBoardStore/boards/Xilinx/vck190/es/1.2/board.xml as part xcvc1902-vsva2197-2mp-e-s-es1 specified in board_part file is either invalid or not available
WARNING: [Board 49-26] cannot add Board Part xilinx.com:vck190_es:part0:1.3 available at C:/Xilinx/Vivado/2021.1/data/xhub/boards/XilinxBoardStore/boards/Xilinx/vck190/es/1.3/board.xml as part xcvc1902-vsva2197-2mp-e-s-es1 specified in board_part file is either invalid or not available
WARNING: [Board 49-26] cannot add Board Part xilinx.com:vmk180_es:part0:1.1 available at C:/Xilinx/Vivado/2021.1/data/xhub/boards/XilinxBoardStore/boards/Xilinx/vmk180/es/1.1/board.xml as part xcvm1802-vsva2197-2mp-e-s-es1 specified in board_part file is either invalid or not available
WARNING: [Board 49-26] cannot add Board Part xilinx.com:vmk180_es:part0:1.2 available at C:/Xilinx/Vivado/2021.1/data/xhub/boards/XilinxBoardStore/boards/Xilinx/vmk180/es/1.2/board.xml as part xcvm1802-vsva2197-2mp-e-s-es1 specified in board_part file is either invalid or not available
WARNING: [Board 49-26] cannot add Board Part xilinx.com:vmk180_es:part0:1.3 available at C:/Xilinx/Vivado/2021.1/data/xhub/boards/XilinxBoardStore/boards/Xilinx/vmk180/es/1.3/board.xml as part xcvm1802-vsva2197-2mp-e-s-es1 specified in board_part file is either invalid or not available
WARNING: [Board 49-26] cannot add Board Part xilinx.com:zcu208_es:part0:1.0 available at C:/Xilinx/Vivado/2021.1/data/xhub/boards/XilinxBoardStore/boards/Xilinx/zcu208/es/1.0/board.xml as part xczu48dr-fsvg1517-2-e-es1 specified in board_part file is either invalid or not available
WARNING: [Board 49-26] cannot add Board Part xilinx.com:zcu208_es:part0:1.1 available at C:/Xilinx/Vivado/2021.1/data/xhub/boards/XilinxBoardStore/boards/Xilinx/zcu208/es/1.1/board.xml as part xczu48dr-fsvg1517-2-e-es1 specified in board_part file is either invalid or not available
WARNING: [Board 49-26] cannot add Board Part xilinx.com:zcu208_es:part0:1.2 available at C:/Xilinx/Vivado/2021.1/data/xhub/boards/XilinxBoardStore/boards/Xilinx/zcu208/es/1.2/board.xml as part xczu48dr-fsvg1517-2-e-es1 specified in board_part file is either invalid or not available
WARNING: [Board 49-26] cannot add Board Part xilinx.com:zcu208ld_es:part0:1.0 available at C:/Xilinx/Vivado/2021.1/data/xhub/boards/XilinxBoardStore/boards/Xilinx/zcu208ld/es/1.0/board.xml as part xczu58dr-fsvg1517-2-i-es1 specified in board_part file is either invalid or not available
WARNING: [Board 49-26] cannot add Board Part xilinx.com:zcu216_es:part0:1.0 available at C:/Xilinx/Vivado/2021.1/data/xhub/boards/XilinxBoardStore/boards/Xilinx/zcu216/es/1.0/board.xml as part xczu49dr-ffvf1760-2-e-es1 specified in board_part file is either invalid or not available
WARNING: [Board 49-26] cannot add Board Part xilinx.com:zcu216_es:part0:1.1 available at C:/Xilinx/Vivado/2021.1/data/xhub/boards/XilinxBoardStore/boards/Xilinx/zcu216/es/1.1/board.xml as part xczu49dr-ffvf1760-2-e-es1 specified in board_part file is either invalid or not available
WARNING: [Board 49-26] cannot add Board Part xilinx.com:zcu216_es:part0:1.2 available at C:/Xilinx/Vivado/2021.1/data/xhub/boards/XilinxBoardStore/boards/Xilinx/zcu216/es/1.2/board.xml as part xczu49dr-ffvf1760-2-e-es1 specified in board_part file is either invalid or not available
WARNING: [Board 49-26] cannot add Board Part xilinx.com:zcu216ld_es:part0:1.0 available at C:/Xilinx/Vivado/2021.1/data/xhub/boards/XilinxBoardStore/boards/Xilinx/zcu216ld/es/1.0/board.xml as part xczu59dr-ffvf1760-2-i-es1 specified in board_part file is either invalid or not available
WARNING: [Board 49-26] cannot add Board Part xilinx.com:vck190_es:part0:1.1 available at C:/Xilinx/Vivado/2021.1/data/xhub/boards/XilinxBoardStore/boards/Xilinx/vck190/es/1.1/board.xml as part xcvc1902-vsva2197-2mp-e-s-es1 specified in board_part file is either invalid or not available
WARNING: [Board 49-26] cannot add Board Part xilinx.com:vck190_es:part0:1.2 available at C:/Xilinx/Vivado/2021.1/data/xhub/boards/XilinxBoardStore/boards/Xilinx/vck190/es/1.2/board.xml as part xcvc1902-vsva2197-2mp-e-s-es1 specified in board_part file is either invalid or not available
WARNING: [Board 49-26] cannot add Board Part xilinx.com:vck190_es:part0:1.3 available at C:/Xilinx/Vivado/2021.1/data/xhub/boards/XilinxBoardStore/boards/Xilinx/vck190/es/1.3/board.xml as part xcvc1902-vsva2197-2mp-e-s-es1 specified in board_part file is either invalid or not available
WARNING: [Board 49-26] cannot add Board Part xilinx.com:vmk180_es:part0:1.1 available at C:/Xilinx/Vivado/2021.1/data/xhub/boards/XilinxBoardStore/boards/Xilinx/vmk180/es/1.1/board.xml as part xcvm1802-vsva2197-2mp-e-s-es1 specified in board_part file is either invalid or not available
WARNING: [Board 49-26] cannot add Board Part xilinx.com:vmk180_es:part0:1.2 available at C:/Xilinx/Vivado/2021.1/data/xhub/boards/XilinxBoardStore/boards/Xilinx/vmk180/es/1.2/board.xml as part xcvm1802-vsva2197-2mp-e-s-es1 specified in board_part file is either invalid or not available
WARNING: [Board 49-26] cannot add Board Part xilinx.com:vmk180_es:part0:1.3 available at C:/Xilinx/Vivado/2021.1/data/xhub/boards/XilinxBoardStore/boards/Xilinx/vmk180/es/1.3/board.xml as part xcvm1802-vsva2197-2mp-e-s-es1 specified in board_part file is either invalid or not available
WARNING: [Board 49-26] cannot add Board Part xilinx.com:zcu208_es:part0:1.0 available at C:/Xilinx/Vivado/2021.1/data/xhub/boards/XilinxBoardStore/boards/Xilinx/zcu208/es/1.0/board.xml as part xczu48dr-fsvg1517-2-e-es1 specified in board_part file is either invalid or not available
WARNING: [Board 49-26] cannot add Board Part xilinx.com:zcu208_es:part0:1.1 available at C:/Xilinx/Vivado/2021.1/data/xhub/boards/XilinxBoardStore/boards/Xilinx/zcu208/es/1.1/board.xml as part xczu48dr-fsvg1517-2-e-es1 specified in board_part file is either invalid or not available
WARNING: [Board 49-26] cannot add Board Part xilinx.com:zcu208_es:part0:1.2 available at C:/Xilinx/Vivado/2021.1/data/xhub/boards/XilinxBoardStore/boards/Xilinx/zcu208/es/1.2/board.xml as part xczu48dr-fsvg1517-2-e-es1 specified in board_part file is either invalid or not available
WARNING: [Board 49-26] cannot add Board Part xilinx.com:zcu208ld_es:part0:1.0 available at C:/Xilinx/Vivado/2021.1/data/xhub/boards/XilinxBoardStore/boards/Xilinx/zcu208ld/es/1.0/board.xml as part xczu58dr-fsvg1517-2-i-es1 specified in board_part file is either invalid or not available
WARNING: [Board 49-26] cannot add Board Part xilinx.com:zcu216_es:part0:1.0 available at C:/Xilinx/Vivado/2021.1/data/xhub/boards/XilinxBoardStore/boards/Xilinx/zcu216/es/1.0/board.xml as part xczu49dr-ffvf1760-2-e-es1 specified in board_part file is either invalid or not available
WARNING: [Board 49-26] cannot add Board Part xilinx.com:zcu216_es:part0:1.1 available at C:/Xilinx/Vivado/2021.1/data/xhub/boards/XilinxBoardStore/boards/Xilinx/zcu216/es/1.1/board.xml as part xczu49dr-ffvf1760-2-e-es1 specified in board_part file is either invalid or not available
WARNING: [Board 49-26] cannot add Board Part xilinx.com:zcu216_es:part0:1.2 available at C:/Xilinx/Vivado/2021.1/data/xhub/boards/XilinxBoardStore/boards/Xilinx/zcu216/es/1.2/board.xml as part xczu49dr-ffvf1760-2-e-es1 specified in board_part file is either invalid or not available
WARNING: [Board 49-26] cannot add Board Part xilinx.com:zcu216ld_es:part0:1.0 available at C:/Xilinx/Vivado/2021.1/data/xhub/boards/XilinxBoardStore/boards/Xilinx/zcu216ld/es/1.0/board.xml as part xczu59dr-ffvf1760-2-i-es1 specified in board_part file is either invalid or not available
WARNING: [Board 49-26] cannot add Board Part xilinx.com:vck190_es:part0:1.3 available at C:/Xilinx/Vivado/2021.1/data/xhub/boards/XilinxBoardStore/boards/Xilinx/vck190/es/1.3/board.xml as part xcvc1902-vsva2197-2mp-e-s-es1 specified in board_part file is either invalid or not available
WARNING: [Board 49-26] cannot add Board Part xilinx.com:vmk180_es:part0:1.3 available at C:/Xilinx/Vivado/2021.1/data/xhub/boards/XilinxBoardStore/boards/Xilinx/vmk180/es/1.3/board.xml as part xcvm1802-vsva2197-2mp-e-s-es1 specified in board_part file is either invalid or not available
WARNING: [Board 49-26] cannot add Board Part xilinx.com:zcu208_es:part0:1.2 available at C:/Xilinx/Vivado/2021.1/data/xhub/boards/XilinxBoardStore/boards/Xilinx/zcu208/es/1.2/board.xml as part xczu48dr-fsvg1517-2-e-es1 specified in board_part file is either invalid or not available
WARNING: [Board 49-26] cannot add Board Part xilinx.com:zcu208ld_es:part0:1.0 available at C:/Xilinx/Vivado/2021.1/data/xhub/boards/XilinxBoardStore/boards/Xilinx/zcu208ld/es/1.0/board.xml as part xczu58dr-fsvg1517-2-i-es1 specified in board_part file is either invalid or not available
WARNING: [Board 49-26] cannot add Board Part xilinx.com:zcu216_es:part0:1.2 available at C:/Xilinx/Vivado/2021.1/data/xhub/boards/XilinxBoardStore/boards/Xilinx/zcu216/es/1.2/board.xml as part xczu49dr-ffvf1760-2-e-es1 specified in board_part file is either invalid or not available
WARNING: [Board 49-26] cannot add Board Part xilinx.com:zcu216ld_es:part0:1.0 available at C:/Xilinx/Vivado/2021.1/data/xhub/boards/XilinxBoardStore/boards/Xilinx/zcu216ld/es/1.0/board.xml as part xczu59dr-ffvf1760-2-i-es1 specified in board_part file is either invalid or not available
add_files -norecurse {G:/00_module/07_fpga/develop_20200323/rtl/03_srio/tag_reg_tx.v G:/00_module/07_fpga/develop_20200323/rtl/03_srio/ini_dma_rd.v G:/00_module/07_fpga/develop_20200323/rtl/03_srio/int_rx_dec.v G:/00_module/07_fpga/develop_20200323/rtl/03_srio/int_reg_tx.v G:/00_module/07_fpga/develop_20200323/rtl/03_srio/srio_rx.v G:/00_module/07_fpga/develop_20200323/rtl/03_srio/tag_dma_tx.v G:/00_module/07_fpga/develop_20200323/rtl/03_srio/tag_rx_dec.v G:/00_module/07_fpga/develop_20200323/rtl/03_srio/srio_tx.v G:/00_module/07_fpga/develop_20200323/rtl/03_srio/srio_top.v G:/00_module/07_fpga/develop_20200323/rtl/03_srio/ini_dma_wr.v}
update_compile_order -fileset sources_1
update_compile_order -fileset sources_1
exit
INFO: [Common 17-206] Exiting Vivado at Mon Apr 21 16:33:00 2025...
