Copyright 1986-2021 Xilinx, Inc. All Rights Reserved.
-------------------------------------------------------------------------------------------------------------
| Tool Version : Vivado v.2021.1 (win64) Build 3247384 Thu Jun 10 19:36:33 MDT 2021
| Date         : Mon Apr 14 11:16:06 2025
| Host         : DESKTOP-OBM7L7C running 64-bit major release  (build 9200)
| Command      : report_utilization -file srio_5gx1_utilization_synth.rpt -pb srio_5gx1_utilization_synth.pb
| Design       : srio_5gx1
| Device       : 7k325tffg676-2
| Design State : Synthesized
-------------------------------------------------------------------------------------------------------------

Utilization Design Information

Table of Contents
-----------------
1. Slice Logic
1.1 Summary of Registers by Type
2. Memory
3. DSP
4. IO and GT Specific
5. Clocking
6. Specific Feature
7. Primitives
8. Black Boxes
9. Instantiated Netlists

1. Slice Logic
--------------

+----------------------------+------+-------+------------+-----------+-------+
|          Site Type         | Used | Fixed | Prohibited | Available | Util% |
+----------------------------+------+-------+------------+-----------+-------+
| Slice LUTs*                | 5420 |     0 |          0 |    203800 |  2.66 |
|   LUT as Logic             | 5335 |     0 |          0 |    203800 |  2.62 |
|   LUT as Memory            |   85 |     0 |          0 |     64000 |  0.13 |
|     LUT as Distributed RAM |   76 |     0 |            |           |       |
|     LUT as Shift Register  |    9 |     0 |            |           |       |
| Slice Registers            | 7089 |     0 |          0 |    407600 |  1.74 |
|   Register as Flip Flop    | 7089 |     0 |          0 |    407600 |  1.74 |
|   Register as Latch        |    0 |     0 |          0 |    407600 |  0.00 |
| F7 Muxes                   |    4 |     0 |          0 |    101900 | <0.01 |
| F8 Muxes                   |    0 |     0 |          0 |     50950 |  0.00 |
+----------------------------+------+-------+------------+-----------+-------+
* Warning! The Final LUT count, after physical optimizations and full implementation, is typically lower. Run opt_design after synthesis, if not already completed, for a more realistic count.


1.1 Summary of Registers by Type
--------------------------------

+-------+--------------+-------------+--------------+
| Total | Clock Enable | Synchronous | Asynchronous |
+-------+--------------+-------------+--------------+
| 0     |            _ |           - |            - |
| 0     |            _ |           - |          Set |
| 0     |            _ |           - |        Reset |
| 0     |            _ |         Set |            - |
| 0     |            _ |       Reset |            - |
| 0     |          Yes |           - |            - |
| 99    |          Yes |           - |          Set |
| 275   |          Yes |           - |        Reset |
| 314   |          Yes |         Set |            - |
| 6401  |          Yes |       Reset |            - |
+-------+--------------+-------------+--------------+


2. Memory
---------

+-------------------+------+-------+------------+-----------+-------+
|     Site Type     | Used | Fixed | Prohibited | Available | Util% |
+-------------------+------+-------+------------+-----------+-------+
| Block RAM Tile    |    8 |     0 |          0 |       445 |  1.80 |
|   RAMB36/FIFO*    |    8 |     0 |          0 |       445 |  1.80 |
|     RAMB36E1 only |    8 |       |            |           |       |
|   RAMB18          |    0 |     0 |          0 |       890 |  0.00 |
+-------------------+------+-------+------------+-----------+-------+
* Note: Each Block RAM Tile only has one FIFO logic available and therefore can accommodate only one FIFO36E1 or one FIFO18E1. However, if a FIFO18E1 occupies a Block RAM Tile, that tile can still accommodate a RAMB18E1


3. DSP
------

+-----------+------+-------+------------+-----------+-------+
| Site Type | Used | Fixed | Prohibited | Available | Util% |
+-----------+------+-------+------------+-----------+-------+
| DSPs      |    0 |     0 |          0 |       840 |  0.00 |
+-----------+------+-------+------------+-----------+-------+


4. IO and GT Specific
---------------------

+-----------------------------+------+-------+------------+-----------+-------+
|          Site Type          | Used | Fixed | Prohibited | Available | Util% |
+-----------------------------+------+-------+------------+-----------+-------+
| Bonded IOB                  |    0 |     0 |          0 |       400 |  0.00 |
| Bonded IPADs                |    0 |     0 |          0 |        26 |  0.00 |
| Bonded OPADs                |    0 |     0 |          0 |        16 |  0.00 |
| PHY_CONTROL                 |    0 |     0 |          0 |        10 |  0.00 |
| PHASER_REF                  |    0 |     0 |          0 |        10 |  0.00 |
| OUT_FIFO                    |    0 |     0 |          0 |        40 |  0.00 |
| IN_FIFO                     |    0 |     0 |          0 |        40 |  0.00 |
| IDELAYCTRL                  |    0 |     0 |          0 |        10 |  0.00 |
| IBUFDS                      |    0 |     0 |          0 |       384 |  0.00 |
| GTXE2_COMMON                |    0 |     0 |          0 |         2 |  0.00 |
| GTXE2_CHANNEL               |    1 |     0 |          0 |         8 | 12.50 |
| PHASER_OUT/PHASER_OUT_PHY   |    0 |     0 |          0 |        40 |  0.00 |
| PHASER_IN/PHASER_IN_PHY     |    0 |     0 |          0 |        40 |  0.00 |
| IDELAYE2/IDELAYE2_FINEDELAY |    0 |     0 |          0 |       500 |  0.00 |
| ODELAYE2/ODELAYE2_FINEDELAY |    0 |     0 |          0 |       150 |  0.00 |
| IBUFDS_GTE2                 |    0 |     0 |          0 |         4 |  0.00 |
| ILOGIC                      |    0 |     0 |          0 |       400 |  0.00 |
| OLOGIC                      |    0 |     0 |          0 |       400 |  0.00 |
+-----------------------------+------+-------+------------+-----------+-------+


5. Clocking
-----------

+------------+------+-------+------------+-----------+-------+
|  Site Type | Used | Fixed | Prohibited | Available | Util% |
+------------+------+-------+------------+-----------+-------+
| BUFGCTRL   |    0 |     0 |          0 |        32 |  0.00 |
| BUFIO      |    0 |     0 |          0 |        40 |  0.00 |
| MMCME2_ADV |    0 |     0 |          0 |        10 |  0.00 |
| PLLE2_ADV  |    0 |     0 |          0 |        10 |  0.00 |
| BUFMRCE    |    0 |     0 |          0 |        20 |  0.00 |
| BUFHCE     |    0 |     0 |          0 |       168 |  0.00 |
| BUFR       |    0 |     0 |          0 |        40 |  0.00 |
+------------+------+-------+------------+-----------+-------+


6. Specific Feature
-------------------

+-------------+------+-------+------------+-----------+-------+
|  Site Type  | Used | Fixed | Prohibited | Available | Util% |
+-------------+------+-------+------------+-----------+-------+
| BSCANE2     |    0 |     0 |          0 |         4 |  0.00 |
| CAPTUREE2   |    0 |     0 |          0 |         1 |  0.00 |
| DNA_PORT    |    0 |     0 |          0 |         1 |  0.00 |
| EFUSE_USR   |    0 |     0 |          0 |         1 |  0.00 |
| FRAME_ECCE2 |    0 |     0 |          0 |         1 |  0.00 |
| ICAPE2      |    0 |     0 |          0 |         2 |  0.00 |
| PCIE_2_1    |    0 |     0 |          0 |         1 |  0.00 |
| STARTUPE2   |    0 |     0 |          0 |         1 |  0.00 |
| XADC        |    0 |     0 |          0 |         1 |  0.00 |
+-------------+------+-------+------------+-----------+-------+


7. Primitives
-------------

+---------------+------+---------------------+
|    Ref Name   | Used | Functional Category |
+---------------+------+---------------------+
| FDRE          | 6401 |        Flop & Latch |
| LUT6          | 2575 |                 LUT |
| LUT5          | 1196 |                 LUT |
| LUT4          | 1030 |                 LUT |
| LUT3          |  704 |                 LUT |
| LUT2          |  574 |                 LUT |
| FDSE          |  314 |        Flop & Latch |
| FDCE          |  275 |        Flop & Latch |
| LUT1          |  131 |                 LUT |
| RAMD32        |  110 |  Distributed Memory |
| FDPE          |   99 |        Flop & Latch |
| CARRY4        |   86 |          CarryLogic |
| RAMS32        |   34 |  Distributed Memory |
| SRLC32E       |    8 |  Distributed Memory |
| RAMB36E1      |    8 |        Block Memory |
| MUXF7         |    4 |               MuxFx |
| SRL16E        |    1 |  Distributed Memory |
| GTXE2_CHANNEL |    1 |                  IO |
+---------------+------+---------------------+


8. Black Boxes
--------------

+----------+------+
| Ref Name | Used |
+----------+------+


9. Instantiated Netlists
------------------------

+----------+------+
| Ref Name | Used |
+----------+------+


