*********************************************************                  
***  Compile Source                                   ***                  
*********************************************************                  
Model Technology ModelSim SE-64 vlog 2020.4 Compiler 2020.10 Oct 13 2020
::SIG:: 1075212816
Start time: 09:31:07 on Feb 18,2025
vlog -cover sbce -reportprogress 300 -work work ../rtl/00_xilinx_ip/0_sbram/*.V 
** Error: (vlog-7) Failed to open design unit file "../rtl/00_xilinx_ip/0_sbram/*.V" in read mode.
No such file or directory. (errno = ENOENT)
End time: 09:31:07 on Feb 18,2025, Elapsed time: 0:00:00
Errors: 1, Warnings: 0
Model Technology ModelSim SE-64 vlog 2020.4 Compiler 2020.10 Oct 13 2020
::SIG:: 1075212816
Start time: 09:31:07 on Feb 18,2025
vlog -cover sbcetf -reportprogress 300 -work work ../rtl/10_bist/*.V 
** Error: (vlog-7) Failed to open design unit file "../rtl/10_bist/*.V" in read mode.
No such file or directory. (errno = ENOENT)
End time: 09:31:07 on Feb 18,2025, Elapsed time: 0:00:00
Errors: 1, Warnings: 0
Model Technology ModelSim SE-64 vlog 2020.4 Compiler 2020.10 Oct 13 2020
::SIG:: 1075212816
Start time: 09:31:07 on Feb 18,2025
vlog -cover sbcetf -reportprogress 300 -work work ../rtl/04_lbus_if/*.V 
** Error: (vlog-7) Failed to open design unit file "../rtl/04_lbus_if/*.V" in read mode.
No such file or directory. (errno = ENOENT)
End time: 09:31:07 on Feb 18,2025, Elapsed time: 0:00:00
Errors: 1, Warnings: 0
Model Technology ModelSim SE-64 vlog 2020.4 Compiler 2020.10 Oct 13 2020
::SIG:: 1075212816
Start time: 09:31:07 on Feb 18,2025
vlog -cover sbcetf -reportprogress 300 -work work ../rtl/fpga_top_sim.V 
-- Compiling module FPGA_TOP_SIM

Top level modules:
	FPGA_TOP_SIM
End time: 09:31:07 on Feb 18,2025, Elapsed time: 0:00:00
Errors: 0, Warnings: 0
Model Technology ModelSim SE-64 vlog 2020.4 Compiler 2020.10 Oct 13 2020
::SIG:: 1075212816
Start time: 09:31:07 on Feb 18,2025
vlog -cover sbcetf -reportprogress 300 -work work ../rtl/fpga_top_sima.V 
-- Compiling module FPGA_TOP_SIMA

Top level modules:
	FPGA_TOP_SIMA
End time: 09:31:08 on Feb 18,2025, Elapsed time: 0:00:01
Errors: 0, Warnings: 0
Model Technology ModelSim SE-64 vlog 2020.4 Compiler 2020.10 Oct 13 2020
::SIG:: 1075212816
Start time: 09:31:08 on Feb 18,2025
vlog -reportprogress 300 -work work sim_model/lib/glbl.v 
-- Compiling module glbl

Top level modules:
	glbl
End time: 09:31:08 on Feb 18,2025, Elapsed time: 0:00:00
Errors: 0, Warnings: 0
Model Technology ModelSim SE-64 vlog 2020.4 Compiler 2020.10 Oct 13 2020
::SIG:: 1075212816
Start time: 09:31:08 on Feb 18,2025
vlog -reportprogress 300 -work work sim_model/define/define.v 
End time: 09:31:08 on Feb 18,2025, Elapsed time: 0:00:00
Errors: 0, Warnings: 0
Model Technology ModelSim SE-64 vlog 2020.4 Compiler 2020.10 Oct 13 2020
::SIG:: 1075212816
Start time: 09:31:08 on Feb 18,2025
vlog -reportprogress 300 "+define+tb_00=1" -work work "+incdir+{sim_model/define}" sim_model/sim_model.v 
-- Compiling module SIM_MODEL

Top level modules:
	SIM_MODEL
End time: 09:31:08 on Feb 18,2025, Elapsed time: 0:00:00
Errors: 0, Warnings: 0
Model Technology ModelSim SE-64 vlog 2020.4 Compiler 2020.10 Oct 13 2020
::SIG:: 1075212816
Start time: 09:31:08 on Feb 18,2025
vlog -reportprogress 300 "+define+tb_00=1" -work work "+incdir+{sim_model/define}" sim_model/tb_top.v 
-- Compiling module tb_top

Top level modules:
	tb_top
End time: 09:31:08 on Feb 18,2025, Elapsed time: 0:00:00
Errors: 0, Warnings: 0
** Error: (vlog-7) Failed to open design unit file "../rtl/00_xilinx_ip/0_sbram/*.V" in read mode.
Errors: 1, Warnings: 0
** Error: (vlog-7) Failed to open design unit file "../rtl/10_bist/*.V" in read mode.
Errors: 1, Warnings: 0
** Error: (vlog-7) Failed to open design unit file "../rtl/04_lbus_if/*.V" in read mode.
Errors: 1, Warnings: 0
Errors: 0, Warnings: 0
Errors: 0, Warnings: 0
Errors: 0, Warnings: 0
Errors: 0, Warnings: 0
Errors: 0, Warnings: 0
Errors: 0, Warnings: 0
Errors: 1, Warnings: 0
Errors: 1, Warnings: 0
Errors: 1, Warnings: 0
Errors: 0, Warnings: 0
Errors: 0, Warnings: 0
Errors: 0, Warnings: 0
Errors: 0, Warnings: 0
Errors: 0, Warnings: 0
Errors: 0, Warnings: 0
Errors: 1, Warnings: 0
Errors: 1, Warnings: 0
Errors: 1, Warnings: 0
Errors: 0, Warnings: 0
Errors: 0, Warnings: 0
Errors: 0, Warnings: 0
Errors: 0, Warnings: 0
Errors: 0, Warnings: 0
Errors: 0, Warnings: 0
*********************************************************                  
***  Compile Source  END                              ***                  
*********************************************************                  
2025/02/18 ÖÜ¶þ 
09:31
