#-----------------------------------------------------------
# Vivado v2021.1 (64-bit)
# SW Build 3247384 on Thu Jun 10 19:36:33 MDT 2021
# IP Build 3246043 on Fri Jun 11 00:30:35 MDT 2021
# Start of session at: Mon Apr 21 16:33:12 2025
# Process ID: 37296
# Current directory: G:/00_module/07_fpga/develop_20200323/m1/project
# Command line: vivado.exe -gui_launcher_event rodinguilauncherevent27576 G:\00_module\07_fpga\develop_20200323\m1\project\fpga_top.xpr
# Log file: G:/00_module/07_fpga/develop_20200323/m1/project/vivado.log
# Journal file: G:/00_module/07_fpga/develop_20200323/m1/project\vivado.jou
#-----------------------------------------------------------
start_gui
open_project G:/00_module/07_fpga/develop_20200323/m1/project/fpga_top.xpr
WARNING: [filemgmt 56-3] Default IP Output Path : Could not find the directory 'G:/00_module/07_fpga/develop_20200323/m1/project/fpga_top.gen/sources_1'.
Scanning sources...
Finished scanning sources
INFO: [IP_Flow 19-234] Refreshing IP repositories
INFO: [IP_Flow 19-1704] No user IP repositories specified
INFO: [IP_Flow 19-2313] Loaded Vivado IP repository 'C:/Xilinx/Vivado/2021.1/data/ip'.
open_project: Time (s): cpu = 00:00:13 ; elapsed = 00:00:07 . Memory (MB): peak = 1225.129 ; gain = 0.000
update_compile_order -fileset sources_1
update_compile_order -fileset sources_1
update_compile_order -fileset sources_1
update_compile_order -fileset sources_1
export_ip_user_files -of_objects  [get_files G:/00_module/07_fpga/develop_20200323/rtl/03_srio/ini_dma_wr.v] -no_script -reset -force -quiet
remove_files  G:/00_module/07_fpga/develop_20200323/rtl/03_srio/ini_dma_wr.v
add_files -norecurse {G:/00_module/07_fpga/develop_20200323/rtl/03_srio/ini_dma_rd.v G:/00_module/07_fpga/develop_20200323/rtl/03_srio/ini_reg_tx.v G:/00_module/07_fpga/develop_20200323/rtl/03_srio/ini_rx_dec.v G:/00_module/07_fpga/develop_20200323/rtl/03_srio/ini_dma_wr.v}
WARNING: [filemgmt 56-12] File 'G:/00_module/07_fpga/develop_20200323/rtl/03_srio/ini_dma_rd.v' cannot be added to the project because it already exists in the project, skipping this file
update_compile_order -fileset sources_1
export_ip_user_files -of_objects  [get_files G:/00_module/07_fpga/develop_20200323/rtl/03_srio/int_reg_tx.v] -no_script -reset -force -quiet
export_ip_user_files -of_objects  [get_files G:/00_module/07_fpga/develop_20200323/rtl/03_srio/int_rx_dec.v] -no_script -reset -force -quiet
remove_files  {G:/00_module/07_fpga/develop_20200323/rtl/03_srio/int_reg_tx.v G:/00_module/07_fpga/develop_20200323/rtl/03_srio/int_rx_dec.v}
export_ip_user_files -of_objects  [get_files G:/00_module/07_fpga/develop_20200323/rtl/00_xilinx_ip/00_afifo/afifo_i32o32_d2048/afifo_i32o32_d2048.xci] -no_script -reset -force -quiet
remove_files  -fileset afifo_i32o32_d2048 G:/00_module/07_fpga/develop_20200323/rtl/00_xilinx_ip/00_afifo/afifo_i32o32_d2048/afifo_i32o32_d2048.xci
WARNING: [Vivado 12-1017] Problems encountered:
1. Failed to delete one or more files in run directory G:/00_module/07_fpga/develop_20200323/m1/project/fpga_top.runs/afifo_i32o32_d2048_synth_1

INFO: [Project 1-386] Moving file 'G:/00_module/07_fpga/develop_20200323/rtl/00_xilinx_ip/00_afifo/afifo_i32o32_d2048/afifo_i32o32_d2048.xci' from fileset 'afifo_i32o32_d2048' to fileset 'sources_1'.
export_ip_user_files -of_objects  [get_files G:/00_module/07_fpga/develop_20200323/rtl/00_xilinx_ip/01_sfifo/sfifo_i32o32_d1024/sfifo_i32o32_d1024.xci] -no_script -reset -force -quiet
remove_files  -fileset sfifo_i32o32_d1024 G:/00_module/07_fpga/develop_20200323/rtl/00_xilinx_ip/01_sfifo/sfifo_i32o32_d1024/sfifo_i32o32_d1024.xci
WARNING: [Vivado 12-1017] Problems encountered:
1. Failed to delete one or more files in run directory G:/00_module/07_fpga/develop_20200323/m1/project/fpga_top.runs/sfifo_i32o32_d1024_synth_1

INFO: [Project 1-386] Moving file 'G:/00_module/07_fpga/develop_20200323/rtl/00_xilinx_ip/01_sfifo/sfifo_i32o32_d1024/sfifo_i32o32_d1024.xci' from fileset 'sfifo_i32o32_d1024' to fileset 'sources_1'.
create_ip -name fifo_generator -vendor xilinx.com -library ip -version 13.2 -module_name sfifo_i72o72_d512 -dir G:/00_module/07_fpga/develop_20200323/rtl/00_xilinx_ip/01_sfifo
set_property -dict [list CONFIG.Component_Name {sfifo_i72o72_d512} CONFIG.Performance_Options {First_Word_Fall_Through} CONFIG.Input_Data_Width {72} CONFIG.Input_Depth {512} CONFIG.Output_Data_Width {72} CONFIG.Output_Depth {512} CONFIG.Almost_Full_Flag {false} CONFIG.Almost_Empty_Flag {false} CONFIG.Use_Extra_Logic {true} CONFIG.Data_Count {true} CONFIG.Data_Count_Width {10} CONFIG.Write_Data_Count_Width {10} CONFIG.Read_Data_Count_Width {10} CONFIG.Full_Threshold_Assert_Value {511} CONFIG.Full_Threshold_Negate_Value {510} CONFIG.Empty_Threshold_Assert_Value {4} CONFIG.Empty_Threshold_Negate_Value {5}] [get_ips sfifo_i72o72_d512]
WARNING: [Vivado 12-3523] Attempt to change 'Component_Name' from 'sfifo_i72o72_d512' to 'sfifo_i72o72_d512' is not allowed and is ignored.
generate_target {instantiation_template} [get_files g:/00_module/07_fpga/develop_20200323/rtl/00_xilinx_ip/01_sfifo/sfifo_i72o72_d512/sfifo_i72o72_d512.xci]
INFO: [IP_Flow 19-1686] Generating 'Instantiation Template' target for IP 'sfifo_i72o72_d512'...
generate_target all [get_files  g:/00_module/07_fpga/develop_20200323/rtl/00_xilinx_ip/01_sfifo/sfifo_i72o72_d512/sfifo_i72o72_d512.xci]
INFO: [IP_Flow 19-1686] Generating 'Synthesis' target for IP 'sfifo_i72o72_d512'...
INFO: [IP_Flow 19-1686] Generating 'Simulation' target for IP 'sfifo_i72o72_d512'...
INFO: [IP_Flow 19-1686] Generating 'Change Log' target for IP 'sfifo_i72o72_d512'...
catch { config_ip_cache -export [get_ips -all sfifo_i72o72_d512] }
export_ip_user_files -of_objects [get_files g:/00_module/07_fpga/develop_20200323/rtl/00_xilinx_ip/01_sfifo/sfifo_i72o72_d512/sfifo_i72o72_d512.xci] -no_script -sync -force -quiet
create_ip_run [get_files -of_objects [get_fileset sources_1] g:/00_module/07_fpga/develop_20200323/rtl/00_xilinx_ip/01_sfifo/sfifo_i72o72_d512/sfifo_i72o72_d512.xci]
launch_runs sfifo_i72o72_d512_synth_1 -jobs 8
[Mon Apr 21 16:52:17 2025] Launched sfifo_i72o72_d512_synth_1...
Run output will be captured here: G:/00_module/07_fpga/develop_20200323/m1/project/fpga_top.runs/sfifo_i72o72_d512_synth_1/runme.log
export_simulation -of_objects [get_files g:/00_module/07_fpga/develop_20200323/rtl/00_xilinx_ip/01_sfifo/sfifo_i72o72_d512/sfifo_i72o72_d512.xci] -directory G:/00_module/07_fpga/develop_20200323/m1/project/fpga_top.ip_user_files/sim_scripts -ip_user_files_dir G:/00_module/07_fpga/develop_20200323/m1/project/fpga_top.ip_user_files -ipstatic_source_dir G:/00_module/07_fpga/develop_20200323/m1/project/fpga_top.ip_user_files/ipstatic -lib_map_path [list {modelsim=G:/00_module/07_fpga/develop_20200323/m1/project/fpga_top.cache/compile_simlib/modelsim} {questa=G:/00_module/07_fpga/develop_20200323/m1/project/fpga_top.cache/compile_simlib/questa} {riviera=G:/00_module/07_fpga/develop_20200323/m1/project/fpga_top.cache/compile_simlib/riviera} {activehdl=G:/00_module/07_fpga/develop_20200323/m1/project/fpga_top.cache/compile_simlib/activehdl}] -use_ip_compiled_libs -force -quiet
create_ip -name fifo_generator -vendor xilinx.com -library ip -version 13.2 -module_name sfifo_i64o64_d512 -dir G:/00_module/07_fpga/develop_20200323/rtl/00_xilinx_ip/01_sfifo
set_property -dict [list CONFIG.Component_Name {sfifo_i64o64_d512} CONFIG.Performance_Options {First_Word_Fall_Through} CONFIG.Input_Data_Width {64} CONFIG.Input_Depth {512} CONFIG.Output_Data_Width {64} CONFIG.Output_Depth {512} CONFIG.Use_Extra_Logic {true} CONFIG.Data_Count {true} CONFIG.Data_Count_Width {10} CONFIG.Write_Data_Count_Width {10} CONFIG.Read_Data_Count_Width {10} CONFIG.Full_Threshold_Assert_Value {511} CONFIG.Full_Threshold_Negate_Value {510} CONFIG.Empty_Threshold_Assert_Value {4} CONFIG.Empty_Threshold_Negate_Value {5}] [get_ips sfifo_i64o64_d512]
WARNING: [Vivado 12-3523] Attempt to change 'Component_Name' from 'sfifo_i64o64_d512' to 'sfifo_i64o64_d512' is not allowed and is ignored.
generate_target {instantiation_template} [get_files g:/00_module/07_fpga/develop_20200323/rtl/00_xilinx_ip/01_sfifo/sfifo_i64o64_d512/sfifo_i64o64_d512.xci]
INFO: [IP_Flow 19-1686] Generating 'Instantiation Template' target for IP 'sfifo_i64o64_d512'...
generate_target all [get_files  g:/00_module/07_fpga/develop_20200323/rtl/00_xilinx_ip/01_sfifo/sfifo_i64o64_d512/sfifo_i64o64_d512.xci]
INFO: [IP_Flow 19-1686] Generating 'Synthesis' target for IP 'sfifo_i64o64_d512'...
INFO: [IP_Flow 19-1686] Generating 'Simulation' target for IP 'sfifo_i64o64_d512'...
INFO: [IP_Flow 19-1686] Generating 'Change Log' target for IP 'sfifo_i64o64_d512'...
catch { config_ip_cache -export [get_ips -all sfifo_i64o64_d512] }
export_ip_user_files -of_objects [get_files g:/00_module/07_fpga/develop_20200323/rtl/00_xilinx_ip/01_sfifo/sfifo_i64o64_d512/sfifo_i64o64_d512.xci] -no_script -sync -force -quiet
create_ip_run [get_files -of_objects [get_fileset sources_1] g:/00_module/07_fpga/develop_20200323/rtl/00_xilinx_ip/01_sfifo/sfifo_i64o64_d512/sfifo_i64o64_d512.xci]
launch_runs sfifo_i64o64_d512_synth_1 -jobs 8
[Mon Apr 21 16:53:28 2025] Launched sfifo_i64o64_d512_synth_1...
Run output will be captured here: G:/00_module/07_fpga/develop_20200323/m1/project/fpga_top.runs/sfifo_i64o64_d512_synth_1/runme.log
export_simulation -of_objects [get_files g:/00_module/07_fpga/develop_20200323/rtl/00_xilinx_ip/01_sfifo/sfifo_i64o64_d512/sfifo_i64o64_d512.xci] -directory G:/00_module/07_fpga/develop_20200323/m1/project/fpga_top.ip_user_files/sim_scripts -ip_user_files_dir G:/00_module/07_fpga/develop_20200323/m1/project/fpga_top.ip_user_files -ipstatic_source_dir G:/00_module/07_fpga/develop_20200323/m1/project/fpga_top.ip_user_files/ipstatic -lib_map_path [list {modelsim=G:/00_module/07_fpga/develop_20200323/m1/project/fpga_top.cache/compile_simlib/modelsim} {questa=G:/00_module/07_fpga/develop_20200323/m1/project/fpga_top.cache/compile_simlib/questa} {riviera=G:/00_module/07_fpga/develop_20200323/m1/project/fpga_top.cache/compile_simlib/riviera} {activehdl=G:/00_module/07_fpga/develop_20200323/m1/project/fpga_top.cache/compile_simlib/activehdl}] -use_ip_compiled_libs -force -quiet
create_ip -name fifo_generator -vendor xilinx.com -library ip -version 13.2 -module_name afifo_i72o72_d2048 -dir G:/00_module/07_fpga/develop_20200323/rtl/00_xilinx_ip/00_afifo
set_property -dict [list CONFIG.Component_Name {afifo_i72o72_d2048} CONFIG.Fifo_Implementation {Independent_Clocks_Block_RAM} CONFIG.Performance_Options {First_Word_Fall_Through} CONFIG.Input_Data_Width {72} CONFIG.Input_Depth {2048} CONFIG.Output_Data_Width {72} CONFIG.Output_Depth {2048} CONFIG.Reset_Type {Asynchronous_Reset} CONFIG.Full_Flags_Reset_Value {1} CONFIG.Almost_Full_Flag {true} CONFIG.Almost_Empty_Flag {true} CONFIG.Use_Extra_Logic {false} CONFIG.Data_Count {false} CONFIG.Data_Count_Width {11} CONFIG.Write_Data_Count {true} CONFIG.Write_Data_Count_Width {11} CONFIG.Read_Data_Count {true} CONFIG.Read_Data_Count_Width {11} CONFIG.Full_Threshold_Assert_Value {2047} CONFIG.Full_Threshold_Negate_Value {2046} CONFIG.Empty_Threshold_Assert_Value {4} CONFIG.Empty_Threshold_Negate_Value {5} CONFIG.Enable_Safety_Circuit {true}] [get_ips afifo_i72o72_d2048]
WARNING: [Vivado 12-3523] Attempt to change 'Component_Name' from 'afifo_i72o72_d2048' to 'afifo_i72o72_d2048' is not allowed and is ignored.
generate_target {instantiation_template} [get_files g:/00_module/07_fpga/develop_20200323/rtl/00_xilinx_ip/00_afifo/afifo_i72o72_d2048/afifo_i72o72_d2048.xci]
INFO: [IP_Flow 19-1686] Generating 'Instantiation Template' target for IP 'afifo_i72o72_d2048'...
generate_target all [get_files  g:/00_module/07_fpga/develop_20200323/rtl/00_xilinx_ip/00_afifo/afifo_i72o72_d2048/afifo_i72o72_d2048.xci]
INFO: [IP_Flow 19-1686] Generating 'Synthesis' target for IP 'afifo_i72o72_d2048'...
INFO: [IP_Flow 19-1686] Generating 'Simulation' target for IP 'afifo_i72o72_d2048'...
INFO: [IP_Flow 19-1686] Generating 'Change Log' target for IP 'afifo_i72o72_d2048'...
catch { config_ip_cache -export [get_ips -all afifo_i72o72_d2048] }
export_ip_user_files -of_objects [get_files g:/00_module/07_fpga/develop_20200323/rtl/00_xilinx_ip/00_afifo/afifo_i72o72_d2048/afifo_i72o72_d2048.xci] -no_script -sync -force -quiet
create_ip_run [get_files -of_objects [get_fileset sources_1] g:/00_module/07_fpga/develop_20200323/rtl/00_xilinx_ip/00_afifo/afifo_i72o72_d2048/afifo_i72o72_d2048.xci]
launch_runs afifo_i72o72_d2048_synth_1 -jobs 8
[Mon Apr 21 16:54:55 2025] Launched afifo_i72o72_d2048_synth_1...
Run output will be captured here: G:/00_module/07_fpga/develop_20200323/m1/project/fpga_top.runs/afifo_i72o72_d2048_synth_1/runme.log
export_simulation -of_objects [get_files g:/00_module/07_fpga/develop_20200323/rtl/00_xilinx_ip/00_afifo/afifo_i72o72_d2048/afifo_i72o72_d2048.xci] -directory G:/00_module/07_fpga/develop_20200323/m1/project/fpga_top.ip_user_files/sim_scripts -ip_user_files_dir G:/00_module/07_fpga/develop_20200323/m1/project/fpga_top.ip_user_files -ipstatic_source_dir G:/00_module/07_fpga/develop_20200323/m1/project/fpga_top.ip_user_files/ipstatic -lib_map_path [list {modelsim=G:/00_module/07_fpga/develop_20200323/m1/project/fpga_top.cache/compile_simlib/modelsim} {questa=G:/00_module/07_fpga/develop_20200323/m1/project/fpga_top.cache/compile_simlib/questa} {riviera=G:/00_module/07_fpga/develop_20200323/m1/project/fpga_top.cache/compile_simlib/riviera} {activehdl=G:/00_module/07_fpga/develop_20200323/m1/project/fpga_top.cache/compile_simlib/activehdl}] -use_ip_compiled_libs -force -quiet
add_files -norecurse G:/00_module/07_fpga/develop_20200323/rtl/00_xilinx_ip/01_sfifo/sfifo_i32o32_d1024/sfifo_i32o32_d1024.xci
export_ip_user_files -of_objects  [get_files  G:/00_module/07_fpga/develop_20200323/rtl/00_xilinx_ip/01_sfifo/sfifo_i32o32_d1024/sfifo_i32o32_d1024.xci] -lib_map_path [list {modelsim=G:/00_module/07_fpga/develop_20200323/m1/project/fpga_top.cache/compile_simlib/modelsim} {questa=G:/00_module/07_fpga/develop_20200323/m1/project/fpga_top.cache/compile_simlib/questa} {riviera=G:/00_module/07_fpga/develop_20200323/m1/project/fpga_top.cache/compile_simlib/riviera} {activehdl=G:/00_module/07_fpga/develop_20200323/m1/project/fpga_top.cache/compile_simlib/activehdl}] -force -quiet
update_compile_order -fileset sources_1
WARNING: [IP_Flow 19-4067] Ignoring invalid widget type specified checkbox.Providing a default widget
WARNING: [IP_Flow 19-4067] Ignoring invalid widget type specified checkbox.Providing a default widget
create_ip -name blk_mem_gen -vendor xilinx.com -library ip -version 8.4 -module_name sram_i64o64_d256 -dir G:/00_module/07_fpga/develop_20200323/rtl/00_xilinx_ip/03_ram
set_property -dict [list CONFIG.Component_Name {sram_i64o64_d256} CONFIG.Memory_Type {Simple_Dual_Port_RAM} CONFIG.Write_Width_A {64} CONFIG.Write_Depth_A {64} CONFIG.Read_Width_A {64} CONFIG.Operating_Mode_A {WRITE_FIRST} CONFIG.Enable_A {Always_Enabled} CONFIG.Write_Width_B {64} CONFIG.Read_Width_B {64} CONFIG.Enable_B {Always_Enabled} CONFIG.Register_PortA_Output_of_Memory_Primitives {false} CONFIG.Register_PortB_Output_of_Memory_Primitives {false} CONFIG.Port_B_Clock {100} CONFIG.Port_B_Write_Rate {0} CONFIG.Port_B_Enable_Rate {100}] [get_ips sram_i64o64_d256]
WARNING: [Vivado 12-3523] Attempt to change 'Component_Name' from 'sram_i64o64_d256' to 'sram_i64o64_d256' is not allowed and is ignored.
generate_target {instantiation_template} [get_files g:/00_module/07_fpga/develop_20200323/rtl/00_xilinx_ip/03_ram/sram_i64o64_d256/sram_i64o64_d256.xci]
INFO: [IP_Flow 19-1686] Generating 'Instantiation Template' target for IP 'sram_i64o64_d256'...
update_compile_order -fileset sources_1
generate_target all [get_files  g:/00_module/07_fpga/develop_20200323/rtl/00_xilinx_ip/03_ram/sram_i64o64_d256/sram_i64o64_d256.xci]
INFO: [IP_Flow 19-1686] Generating 'Synthesis' target for IP 'sram_i64o64_d256'...
INFO: [IP_Flow 19-1686] Generating 'Simulation' target for IP 'sram_i64o64_d256'...
INFO: [IP_Flow 19-1686] Generating 'Miscellaneous' target for IP 'sram_i64o64_d256'...
INFO: [IP_Flow 19-1686] Generating 'Change Log' target for IP 'sram_i64o64_d256'...
catch { config_ip_cache -export [get_ips -all sram_i64o64_d256] }
export_ip_user_files -of_objects [get_files g:/00_module/07_fpga/develop_20200323/rtl/00_xilinx_ip/03_ram/sram_i64o64_d256/sram_i64o64_d256.xci] -no_script -sync -force -quiet
create_ip_run [get_files -of_objects [get_fileset sources_1] g:/00_module/07_fpga/develop_20200323/rtl/00_xilinx_ip/03_ram/sram_i64o64_d256/sram_i64o64_d256.xci]
launch_runs sram_i64o64_d256_synth_1 -jobs 8
[Mon Apr 21 17:11:41 2025] Launched sram_i64o64_d256_synth_1...
Run output will be captured here: G:/00_module/07_fpga/develop_20200323/m1/project/fpga_top.runs/sram_i64o64_d256_synth_1/runme.log
export_simulation -of_objects [get_files g:/00_module/07_fpga/develop_20200323/rtl/00_xilinx_ip/03_ram/sram_i64o64_d256/sram_i64o64_d256.xci] -directory G:/00_module/07_fpga/develop_20200323/m1/project/fpga_top.ip_user_files/sim_scripts -ip_user_files_dir G:/00_module/07_fpga/develop_20200323/m1/project/fpga_top.ip_user_files -ipstatic_source_dir G:/00_module/07_fpga/develop_20200323/m1/project/fpga_top.ip_user_files/ipstatic -lib_map_path [list {modelsim=G:/00_module/07_fpga/develop_20200323/m1/project/fpga_top.cache/compile_simlib/modelsim} {questa=G:/00_module/07_fpga/develop_20200323/m1/project/fpga_top.cache/compile_simlib/questa} {riviera=G:/00_module/07_fpga/develop_20200323/m1/project/fpga_top.cache/compile_simlib/riviera} {activehdl=G:/00_module/07_fpga/develop_20200323/m1/project/fpga_top.cache/compile_simlib/activehdl}] -use_ip_compiled_libs -force -quiet
update_compile_order -fileset sources_1
update_compile_order -fileset sources_1
update_compile_order -fileset sources_1
add_files -norecurse {G:/00_module/07_fpga/develop_20200323/rtl/04_bist/ram_bist.v G:/00_module/07_fpga/develop_20200323/rtl/04_bist/bist_reg.v}
update_compile_order -fileset sources_1
WARNING: [IP_Flow 19-4067] Ignoring invalid widget type specified checkbox.Providing a default widget
WARNING: [IP_Flow 19-4067] Ignoring invalid widget type specified checkbox.Providing a default widget
WARNING: [IP_Flow 19-4067] Ignoring invalid widget type specified checkbox.Providing a default widget
WARNING: [IP_Flow 19-4067] Ignoring invalid widget type specified checkbox.Providing a default widget
exit
INFO: [Common 17-206] Exiting Vivado at Wed Apr 23 09:06:51 2025...
